[www.gpower.co/like.html]
[backblue.gif]
[fade.gif]
[index.html]
[www.gpower.co/font/glyphicons-halflings-regular.ttf]
[www.gpower.co/font/glyphicons-halflings-regular.eot]
[www.gpower.co/font/glyphicons-halflings-regular.woff]
[www.gpower.co/font/gp_is_icons8add.eot]
[www.gpower.co/font/gp_is_icons8add.woff]
[www.gpower.co/font/gp_is_icons8add.ttf]
[www.gpower.co/image/gp/bg.jpg]
[www.gpower.co/image/like/bg_like.jpg]
[www.gpower.co/frame.html]
[www.gpower.co/index.html]
[www.gpower.co/shape.html]
[www.gpower.co/size.html]
[www.gpower.co/kiki_en.html]
[www.gpower.co/image/common/forcd.png]
[www.gpower.co/repost.html]
[www.gpower.co/image/common/forig.png]
[www.gpower.co/follow.html]
[www.gpower.co/image/gp/appicon9.png]
[www.gpower.co/image/gp/appicon7.png]
[www.gpower.co/image/gp/appicon14.png]
[www.gpower.co/image/gp/appicon2.png]
[www.gpower.co/image/gp/appicon16.png]
[www.gpower.co/image/gp/appicon15.png]
[www.gpower.co/picquote.html]
[www.gpower.co/image/gp/appicon17.png]
[www.gpower.co/image/gp/appicon19.png]
[www.gpower.co/image/gp/appicon13.png]
[www.gpower.co/image/gp/appicon12.png]
[www.gpower.co/image/gp/appicon18.png]
[www.gpower.co/image/gp/appicon5.png]
[www.gpower.co/image/gp/appicon8.png]
[www.gpower.co/image/gp/appicon10.png]
[www.gpower.co/image/gp/appicon1.png]
[www.gpower.co/image/gp/appicon3.png]
[www.gpower.co/image/gp/appicon6.png]
[www.gpower.co/image/like/dvc_like.png]
[www.gpower.co/sitemap.html]
[www.gpower.co/image/like/ico_like.png]
[www.gpower.co/image/common/download.png]
[www.gpower.co/image/common/androiddl.png]
[www.gpower.co/js/bootstrap.min.js]
[www.gpower.co/js/plugin/headroom.min.js]
[www.gpower.co/js/jquery-1.11.3.min.js]
[www.gpower.co/js/plugin/swiper.jquery.min.js]
[www.gpower.co/like.html]
[www.gpower.co/js/plugin/jquery.nanoscroller.min.js]
[www.gpower.co/fonts/glyphicons-halflings-regular.eot]
[www.gpower.co/fonts/glyphicons-halflings-regulard41d.eot]
[www.gpower.co/fonts/glyphicons-halflings-regular.woff2]
[www.gpower.co/fonts/glyphicons-halflings-regular.woff]
[www.gpower.co/fonts/glyphicons-halflings-regular.ttf]
[www.gpower.co/fonts/glyphicons-halflings-regular.svg]
[www.gpower.co/css/bootstrap.min.css]
[www.gpower.co/font/fontawesome-webfontf77b.eot]
[www.gpower.co/font/fontawesome-webfontd41d.eot]
[www.gpower.co/font/fontawesome-webfontf77b.woff]
[www.gpower.co/css/font-awesome.css]
[www.gpower.co/css/animate.css]
[www.gpower.co/css/swiper.css]
[www.gpower.co/css/nanoscroller.css]
[www.gpower.co/font/glyphicons-halflings-regular.svg]
[www.gpower.co/font/gp_is_icons8add.svg]
[www.gpower.co/image/gp/bg2.jpg]
[www.gpower.co/font/fontawesome-webfontf77b.ttf]
[www.gpower.co/image/gp/bg_app_11.jpg]
[www.gpower.co/image/gp/bg_app_2.jpg]
[www.gpower.co/image/gp/bg_app_21.jpg]
[www.gpower.co/image/gp/bg_app_3.jpg]
[www.gpower.co/image/gp/bg_app_31.jpg]
[www.gpower.co/image/gp/bg_app_4.jpg]
[www.gpower.co/image/gp/bg_app_41.jpg]
[www.gpower.co/image/gp/bg_app_5.jpg]
[www.gpower.co/image/gp/bg_app_51.jpg]
[www.gpower.co/image/gp/bg_app_6.jpg]
[www.gpower.co/image/gp/bg_app_61.jpg]
[www.gpower.co/image/gp/icon_app_frame.png]
[www.gpower.co/image/gp/icon_app_sizer.png]
[www.gpower.co/image/gp/icon_app_shaper.png]
[www.gpower.co/image/gp/icon_app_repost.png]
[www.gpower.co/image/gp/icon_app_quote.png]
[www.gpower.co/js/plugin/shine.min.js]
[www.gpower.co/index.html]
[www.gpower.co/image/shape/LOGO.svg]
[www.gpower.co/js/plugin/validation.js]
[www.gpower.co/image/frame/bg.jpg]
[www.gpower.co/image/frame/phone.png]
[www.gpower.co/image/frame/tragle.png]
[www.gpower.co/image/frame/bg1.jpg]
[www.gpower.co/image/frame/logo.png]
[www.gpower.co/image/frame/download.png]
[www.gpower.co/image/frame/p1.png]
[www.gpower.co/image/frame/p2.png]
[www.gpower.co/image/frame/p3.png]
[www.gpower.co/frame.html]
[www.gpower.co/image/shape/bg_001.jpg]
[www.gpower.co/image/shape/DEVICE.png]
[www.gpower.co/image/shape/islogo.png]
[www.gpower.co/image/shape/download.png]
[www.gpower.co/image/shape/ss01.png]
[www.gpower.co/image/shape/ss02.png]
[www.gpower.co/shape.html]
[www.gpower.co/image/shape/ss03.png]
[www.gpower.co/image/size/bg_size.jpg]
[www.gpower.co/image/size/dvc_size.png]
[www.gpower.co/size.html]
[www.gpower.co/image/size/ico_size.png]
[www.gpower.co/image/kiki/background.jpg]
[www.gpower.co/image/kiki/iPad.png]
[www.gpower.co/kiki.html]
[www.gpower.co/image/kiki/logo_en.png]
[www.gpower.co/image/kiki/hedgehog.png]
[www.gpower.co/image/kiki/download.png]
[www.gpower.co/kiki_en.html]
[www.gpower.co/image/repost/bg_repost.jpg]
[www.gpower.co/image/repost/dvc_repost.png]
[www.gpower.co/image/repost/ico_repost.png]
[www.gpower.co/repost.html]
[www.gpower.co/image/follow/bg_follow.jpg]
[www.gpower.co/image/follow/dvc_follow.png]
[www.gpower.co/image/follow/ico_follow.png]
[www.gpower.co/follow.html]
[www.gpower.co/image/picquote/bg.jpg]
[www.gpower.co/image/picquote/p0.png]
[www.gpower.co/image/picquote/logo.png]
[www.gpower.co/image/picquote/download.png]
[www.gpower.co/image/picquote/p1.png]
[www.gpower.co/image/picquote/p2.png]
[www.gpower.co/image/picquote/p3.png]
[www.gpower.co/picquote.html]
[www.gpower.co/image/gp/sitemapdot.png]
[www.gpower.co/sitemap.html]
[www.gpower.co/fonts/glyphicons-halflings-regular.html]
[www.gpower.co/fonts/glyphicons-halflings-regulard41d.html]
[www.gpower.co/fonts/glyphicons-halflings-regular-2.html]
[www.gpower.co/fonts/glyphicons-halflings-regular-3.html]
[www.gpower.co/fonts/glyphicons-halflings-regular-4.html]
[www.gpower.co/fonts/glyphicons-halflings-regular-5.html]
[www.gpower.co/font/fontawesome-webfont.svg]
[www.gpower.co/image/gp/bg_app_1.jpg]
[www.gpower.co/image/gp/icon_pad.svg]
[www.gpower.co/image/gp/icon_iphone.svg]
[www.gpower.co/image/gp/icon_android.svg]
[www.gpower.co/image/gp/icon_filter.svg]
[www.gpower.co/image/gp/icon_frame.svg]
[www.gpower.co/image/gp/icon_shape.svg]
[www.gpower.co/image/gp/icon_diamond.svg]
[www.gpower.co/image/gp/icon_cam.svg]
[www.gpower.co/image/gp/icon_links_1.svg]
[www.gpower.co/image/gp/icon_links_2.svg]
[www.gpower.co/image/gp/icon_links_3.svg]
[www.gpower.co/image/gp/icon_links_4.svg]
[www.gpower.co/image/common/LOGO.svg]
[www.gpower.co/kiki.html]
[www.gpower.co/image/kiki/ki_flag1.svg]
[www.gpower.co/image/kiki/ki_flag2.svg]
[www.gpower.co/image/kiki/logo_cn.png]
